23:14:17 404 /split.json
23:22:05 404 /split.json
23:36:57 404 /split.json
11:41:11 404 /split.json
11:42:47 404 /split.json
11:44:28 404 /split.json
12:06:04 404 /split.json
12:06:33 404 /split.json
12:18:06 404 /split.json
12:19:10 404 /split.json
12:20:56 404 /split.json
12:22:04 404 /split.json
12:24:58 404 /split.json
12:26:23 404 /split.json
12:28:36 404 /split.json
12:32:03 404 /split.json
12:34:30 404 /split.json
12:36:33 404 /split.json
12:36:45 404 /ui/paints/tex/negev_thor_tga_67a07aa_a.webp
13:27:00 404 /split.json
15:52:48 404 /split.json
16:04:30 404 /split.json
16:14:44 404 /split.json
16:15:46 404 /split.json
16:18:32 404 /split.json
16:21:50 404 /split.json
16:22:40 404 /split.json
16:25:53 404 /split.json
16:31:16 404 /split.json
16:31:23 404 /split.json
16:45:56 404 /split.json
16:46:03 404 /split.json
16:49:06 404 /split.json
16:49:12 404 /split.json
16:54:34 404 /split.json
16:54:41 404 /split.json
16:57:12 404 /ui/paints/glovecomp/glove_specialist_dragon_blue_vmat_g_tpatternproperties_64c42066.webp
16:57:13 404 /ui/paints/glovecomp/glove_specialist_dragon_blue_vmat_g_tsurfaceproperties3_ab8bf7ca.webp
16:57:15 404 /ui/paints/glovecomp/glove_specialist_dragon_blue_vmat_g_tpatternproperties_64c42066.webp
16:57:24 404 /ui/paints/glovecomp/glove_specialist_dragon_blue_vmat_g_tsurfaceproperties3_ab8bf7ca.webp
16:59:18 404 /split.json
16:59:24 404 /split.json
17:03:31 404 /split.json
17:03:38 404 /split.json
17:09:00 404 /split.json
17:09:07 404 /split.json
17:15:32 404 /split.json
17:15:39 404 /split.json
17:25:26 404 /split.json
17:25:33 404 /split.json
17:27:58 404 /ui/paints/glovecomp/glove_sport_camo_winter_vmat_g_tsurfaceproperties2_ab8bf7ca.webp
17:36:46 404 /split.json
17:36:53 404 /split.json
17:41:51 404 /split.json
17:41:58 404 /split.json
17:48:46 404 /split.json
17:48:53 404 /split.json
17:53:49 404 /split.json
17:53:56 404 /split.json
17:58:31 404 /split.json
17:58:37 404 /split.json
18:03:16 404 /split.json
18:03:23 404 /split.json
18:07:11 404 /split.json
18:07:18 404 /split.json
18:11:58 404 /split.json
18:12:06 404 /split.json
18:16:50 404 /split.json
18:16:57 404 /split.json
18:21:34 404 /split.json
18:21:41 404 /split.json
18:26:26 404 /split.json
18:26:34 404 /split.json
18:31:19 404 /split.json
18:31:26 404 /split.json
18:38:56 404 /split.json
18:39:04 404 /split.json
18:45:30 404 /split.json
18:45:38 404 /split.json
19:47:06 404 /split.json
19:47:13 404 /split.json
19:50:09 404 /ui/paints/glovecomp/glove_sport_flames_orange_vmat_g_tsurfaceproperties2_ab8bf7ca.webp
19:50:11 404 /ui/paints/glovecomp/glove_sport_flames_orange_vmat_g_tsurfaceproperties2_ab8bf7ca.webp
19:53:30 404 /split.json
19:53:38 404 /split.json
19:56:39 404 /ui/paints/glovecomp/brocade_flower_color_tga_c5676a5.webp
19:56:39 404 /ui/paints/glovecomp/brocade_flower_color_tga_c5676a5_a.webp
19:59:45 404 /split.json
19:59:53 404 /split.json
20:02:55 404 /ui/paints/glovecomp/specialist_emerald_web_vmat_g_tnoise_cddf7446.webp
20:03:00 404 /ui/paints/glovecomp/specialist_emerald_web_vmat_g_tnoise_cddf7446.webp
20:10:02 404 /split.json
20:10:08 404 /split.json
20:19:07 404 /split.json
20:19:14 404 /split.json
20:27:15 404 /split.json
20:27:22 404 /split.json
20:30:16 404 /ui/paints/glovecomp/glove_sport_camo_winter_vmat_g_tsurfaceproperties2_ab8bf7ca.webp
20:30:24 404 /ui/paints/glovecomp/glove_sport_camo_winter_vmat_g_tsurfaceproperties2_ab8bf7ca.webp
20:34:00 404 /split.json
20:34:07 404 /split.json
20:41:00 404 /split.json
20:42:08 404 /split.json
20:42:53 404 /split.json
20:43:00 404 /split.json
20:45:55 404 /ui/paints/glovecomp/glove_specialist_dragon_blue_vmat_g_tpatternproperties_64c42066.webp
20:45:55 404 /ui/paints/glovecomp/glove_specialist_dragon_blue_vmat_g_tsurfaceproperties3_ab8bf7ca.webp
20:46:00 404 /ui/paints/glovecomp/glove_specialist_dragon_blue_vmat_g_tpatternproperties_64c42066.webp
20:48:49 404 /split.json
20:48:56 404 /split.json
20:54:27 404 /split.json
20:54:34 404 /split.json
21:08:35 404 /split.json
21:08:42 404 /split.json
21:14:29 404 /split.json
21:14:35 404 /split.json
21:20:29 404 /split.json
21:20:35 404 /split.json
21:31:25 404 /split.json
21:31:31 404 /split.json
21:37:27 404 /split.json
21:37:34 404 /split.json
21:47:18 404 /split.json
21:47:24 404 /split.json
22:00:27 404 /split.json
22:00:34 404 /split.json
22:06:44 404 /split.json
22:09:05 404 /split.json
22:09:12 404 /split.json
22:23:15 404 /split.json
22:23:21 404 /split.json
17:01:18 404 /split.json
17:01:38 404 /split.json
17:07:39 404 /split.json
17:07:46 404 /split.json
17:13:43 404 /split.json
17:13:49 404 /split.json
17:16:44 404 /ui/paints/glovecomp/glove_sport_flames_orange_vmat_g_tsurfaceproperties2_ab8bf7ca.webp
17:16:44 404 /ui/paints/glovecomp/glove_specialist_dragon_blue_vmat_g_tpatternproperties_64c42066.webp
17:16:44 404 /ui/paints/glovecomp/glove_specialist_dragon_blue_vmat_g_tsurfaceproperties3_ab8bf7ca.webp
17:16:47 404 /ui/paints/glovecomp/glove_specialist_dragon_blue_vmat_g_tpatternproperties_64c42066.webp
17:16:52 404 /ui/paints/glovecomp/glove_sport_flames_orange_vmat_g_tsurfaceproperties2_ab8bf7ca.webp
17:16:56 404 /ui/paints/glovecomp/glove_specialist_dragon_blue_vmat_g_tsurfaceproperties3_ab8bf7ca.webp
17:21:48 404 /split.json
17:21:54 404 /split.json
17:36:29 404 /split.json
17:36:33 404 /split.json
17:43:08 404 /split.json
17:44:39 404 /split.json
17:44:45 404 /split.json
18:00:17 404 /split.json
18:00:26 404 /split.json
20:26:09 404 /split.json
20:26:18 404 /split.json
20:37:16 404 /split.json
20:37:23 404 /split.json
20:45:13 404 /split.json
20:45:50 404 /split.json
20:45:57 404 /split.json
20:51:50 404 /split.json
20:51:57 404 /split.json
21:04:07 404 /split.json
21:04:14 404 /split.json
21:09:43 404 /split.json
21:09:49 404 /split.json
21:15:45 404 /split.json
21:15:51 404 /split.json
21:23:29 404 /split.json
21:23:36 404 /split.json
21:30:15 404 /split.json
21:30:22 404 /split.json
21:47:54 404 /split.json
21:48:00 404 /split.json
21:54:01 404 /split.json
21:54:08 404 /split.json
21:59:06 404 /split.json
21:59:12 404 /split.json
16:50:39 404 /split.json
16:50:46 404 /split.json
16:53:38 404 /ui/paints/glovecomp/specialist_emerald_web_vmat_g_tnoise_cddf7446.webp
16:53:44 404 /ui/paints/glovecomp/specialist_emerald_web_vmat_g_tnoise_cddf7446.webp
13:02:16 404 /split.json
13:20:13 404 /split.json
13:30:37 404 /split.json
